INFO    : PreTeXt project found in `/Users/rkooistra/hub/calculus2`.
WARNING : Assets like latex-images will not be regenerated for this build
WARNING : (previously generated assets will be used if they exist).
WARNING : To generate these assets before building, run `pretext build -g`.
INFO    : Preparing to build into /Users/rkooistra/hub/calculus2/output/web.
INFO    : 
Now building HTML into /Users/rkooistra/hub/calculus2/output/web

INFO    : discovering source file's directory name: /Users/rkooistra/hub/calculus2/source
INFO    : verifying and expanding input directory: /Users/rkooistra/hub/calculus2/source/../generated-assets
INFO    : input directory expanded to absolute path: /Users/rkooistra/hub/calculus2/generated-assets
INFO    : verifying and expanding input directory: /Users/rkooistra/hub/calculus2/source/../assets
INFO    : input directory expanded to absolute path: /Users/rkooistra/hub/calculus2/assets
INFO    : Runestone Services (via PreTeXt repository): version 6.5.0
INFO    : Runestone Services (using newer, via online CDN query): version 7.0.0dev1
INFO    : converting /Users/rkooistra/hub/calculus2/source/main.ptx to HTML in /var/folders/2r/8zp7c2rs5717hjrm_rg_xqnr0000gn/T/tmpxq4z4pvr
INFO    : XSL conversion of /Users/rkooistra/hub/calculus2/source/main.ptx by /Users/rkooistra/.ptx/xsl/pretext-html.xsl
INFO    : comprehensive messages, warnings, and errors:
INFO    : successful application of /Users/rkooistra/.ptx/xsl/pretext-html.xsl
INFO    : Removing temporary directory /var/folders/2r/8zp7c2rs5717hjrm_rg_xqnr0000gn/T/tmpxq4z4pvr
INFO    : 
Success! Run `pretext view web` to see the results.

